// Jest Snapshot v1, https://goo.gl/fbAQLP

exports[`EditListingPageComponent matches snapshot 1`] = `
<Page
  scrollingDisabled={false}
  title="EditListingPage.titleCreateListing"
>
  <withRouter(Connect(TopbarContainerComponent)) />
  <UserNav
    className={null}
    listing={null}
    rootClassName={null}
    selectedPageName="NewListingPage"
  />
  <withViewport(injectIntl(EditListingWizard))
    currentUser={null}
    errors={
      Object {
        "addExceptionError": null,
        "createListingDraftError": null,
        "createStripeAccountError": null,
        "deleteExceptionError": null,
        "fetchExceptionsError": null,
        "publishListingError": null,
        "showListingsError": null,
        "updateListingError": null,
        "uploadImageError": null,
      }
    }
    fetchInProgress={false}
    history={
      Object {
        "push": [Function],
      }
    }
    id="EditListingWizard"
    images={Array []}
    listing={
      Object {
        "attributes": Object {
          "publicData": Object {},
        },
        "id": null,
        "images": Array [],
        "type": "ownListing",
      }
    }
    newListingPublished={false}
    onAddAvailabilityException={[Function]}
    onChange={[Function]}
    onCreateListingDraft={[Function]}
    onDeleteAvailabilityException={[Function]}
    onImageUpload={[Function]}
    onManageDisableScrolling={[Function]}
    onPayoutDetailsFormChange={[Function]}
    onPublishListingDraft={[Function]}
    onRemoveImage={[Function]}
    onUpdateImageOrder={[Function]}
    onUpdateListing={[Function]}
    params={
      Object {
        "id": "id",
        "slug": "slug",
        "tab": "description",
        "type": "new",
      }
    }
  />
  <injectIntl(Footer) />
</Page>
`;
